cargo : warning: fields `resolution`, `graphics_quality`, 
`difficulty`, and `auto_save_interval` are never read
At line:1 char:1
+ cargo run 2> build_errors.txt
+ ~~~~~~~~~~~~~~~~~~~~~~~~~~~~~
    + CategoryInfo          : NotSpecified: (warning: fields...  
   are never read:String) [], RemoteException
    + FullyQualifiedErrorId : NativeCommandError
 
  --> src\ui\menu\settings_menu.rs:48:9
   |
46 | pub struct GameSettings {
   |            ------------ fields in this struct
47 |     // Video settings
48 |     pub resolution: (u32, u32),
   |         ^^^^^^^^^^
49 |     pub graphics_quality: GraphicsQuality,
   |         ^^^^^^^^^^^^^^^^
...
69 |     pub difficulty: Difficulty,
   |         ^^^^^^^^^^
...
72 |     pub auto_save_interval: u32,
   |         ^^^^^^^^^^^^^^^^^^
   |
   = note: `GameSettings` has derived impls for the traits 
`Debug` and `Clone`, but these are intentionally ignored during 
dead code analysis
   = note: `#[warn(dead_code)]` on by default

warning: variants `Low`, `Medium`, and `Ultra` are never 
constructed
   --> src\ui\menu\settings_menu.rs:123:5
    |
122 | pub enum GraphicsQuality {
    |          --------------- variants in this enum
123 |     Low,
    |     ^^^
124 |     Medium,
    |     ^^^^^^
125 |     High,
126 |     Ultra,
    |     ^^^^^
    |
    = note: `GraphicsQuality` has derived impls for the traits 
`Debug` and `Clone`, but these are intentionally ignored during 
dead code analysis

warning: variants `Easy`, `Hard`, and `Veteran` are never 
constructed
   --> src\ui\menu\settings_menu.rs:132:5
    |
131 | pub enum Difficulty {
    |          ---------- variants in this enum
132 |     Easy,
    |     ^^^^
133 |     Normal,
134 |     Hard,
    |     ^^^^
135 |     Veteran,
    |     ^^^^^^^
    |
    = note: `Difficulty` has derived impls for the traits 
`Debug` and `Clone`, but these are intentionally ignored during 
dead code analysis

warning: field `track_entity` is never read
   --> src\ui\menu\settings_menu.rs:224:5
    |
218 | struct SettingsSlider {
    |        -------------- field in this struct
...
224 |     track_entity: Entity,
    |     ^^^^^^^^^^^^

warning: variants `MinimapSize` and `HudOpacity` are never 
constructed
   --> src\ui\menu\settings_menu.rs:241:5
    |
232 | enum SliderType {
    |      ---------- variants in this enum
...
241 |     MinimapSize,
    |     ^^^^^^^^^^^
242 |     HudOpacity,
    |     ^^^^^^^^^^
    |
    = note: `SliderType` has derived impls for the traits 
`Debug` and `Clone`, but these are intentionally ignored during 
dead code analysis

warning: variants `Fullscreen`, `VSync`, and `InvertYAxis` are 
never constructed
   --> src\ui\menu\settings_menu.rs:256:5
    |
255 | enum CheckboxType {
    |      ------------ variants in this enum
256 |     Fullscreen,
    |     ^^^^^^^^^^
257 |     VSync,
    |     ^^^^^
258 |     InvertYAxis,
    |     ^^^^^^^^^^^
    |
    = note: `CheckboxType` has derived impls for the traits 
`Debug` and `Clone`, but these are intentionally ignored during 
dead code analysis

warning: multiple variants are never constructed
   --> src\ui\menu\settings_menu.rs:276:5
    |
275 | enum KeyBindingType {
    |      -------------- variants in this enum
276 |     MoveUp,
    |     ^^^^^^
277 |     MoveDown,
    |     ^^^^^^^^
278 |     MoveLeft,
    |     ^^^^^^^^
279 |     MoveRight,
    |     ^^^^^^^^^
280 |     Select,
    |     ^^^^^^
281 |     Cancel,
    |     ^^^^^^
282 |     Pause,
    |     ^^^^^
283 |     QuickSave,
    |     ^^^^^^^^^
284 |     QuickLoad,
    |     ^^^^^^^^^
    |
    = note: `KeyBindingType` has derived impls for the traits 
`Debug` and `Clone`, but these are intentionally ignored during 
dead code analysis

warning: function `handle_engineer_building` is never used
   --> src\units\engineer.rs:231:8
    |
231 | pub fn handle_engineer_building(
    |        ^^^^^^^^^^^^^^^^^^^^^^^^

warning: function `spawn_engineer` is never used
   --> src\units\engineer.rs:298:8
    |
298 | pub fn spawn_engineer(commands: &mut Commands, position:...
    |        ^^^^^^^^^^^^^^

warning: `strategy_forge` (lib) generated 9 warnings
   Compiling strategy_forge v0.1.0 
(C:\Users\Juston\nowing\StrategyForge)
warning: unused import: `map::plugin::MapPlugin`
  --> src\resources.rs:14:9
   |
14 | pub use map::plugin::MapPlugin;
   |         ^^^^^^^^^^^^^^^^^^^^^^
   |
   = note: `#[warn(unused_imports)]` on by default

warning: unused imports: `SpriteAssets` and `SpriteLoaderPlugin`
  --> src\resources.rs:17:25
   |
17 | pub use sprite_loader::{SpriteAssets, SpriteLoaderPlugin};
   |                         ^^^^^^^^^^^^  ^^^^^^^^^^^^^^^^^^

warning: unused import: `game_state::GameState`
  --> src\states\mod.rs:10:9
   |
10 | pub use game_state::GameState;
   |         ^^^^^^^^^^^^^^^^^^^^^

warning: unused import: `game_state::GameStatePlugin`
  --> src\states\mod.rs:11:9
   |
11 | pub use game_state::GameStatePlugin;
   |         ^^^^^^^^^^^^^^^^^^^^^^^^^^^

warning: unused import: `loading::LoadingPlugin`
  --> src\states\mod.rs:12:9
   |
12 | pub use loading::LoadingPlugin;
   |         ^^^^^^^^^^^^^^^^^^^^^^

warning: unused import: `main_menu::MainMenuPlugin`
  --> src\states\mod.rs:13:9
   |
13 | pub use main_menu::MainMenuPlugin;
   |         ^^^^^^^^^^^^^^^^^^^^^^^^^

warning: unused import: `gameplay::GameplayPlugin`
  --> src\states\mod.rs:14:9
   |
14 | pub use gameplay::GameplayPlugin;
   |         ^^^^^^^^^^^^^^^^^^^^^^^^

warning: unused import: `game_over::GameOverPlugin`
  --> src\states\mod.rs:15:9
   |
15 | pub use game_over::GameOverPlugin;
   |         ^^^^^^^^^^^^^^^^^^^^^^^^^

warning: unused import: `CloseSettingsEvent`
  --> src\ui\menu\mod.rs:17:64
   |
17 | pub use settings_menu::{SettingsMenuPlugin, 
OpenSettingsEvent, CloseSettingsEvent};
   |                                                             
   ^^^^^^^^^^^^^^^^^^

warning: unused imports: `CloseCampaignMenuEvent` and 
`OpenCampaignMenuEvent`
  --> src\ui\menu\mod.rs:18:45
   |
18 | pub use campaign_menu::{CampaignMenuPlugin, 
OpenCampaignMenuEvent, CloseCampaignMenuEvent};
   |                                             
^^^^^^^^^^^^^^^^^^^^^  ^^^^^^^^^^^^^^^^^^^^^^

warning: unused imports: `CloseSkirmishMenuEvent` and 
`OpenSkirmishMenuEvent`
  --> src\ui\menu\mod.rs:19:45
   |
19 | pub use skirmish_menu::{SkirmishMenuPlugin, 
OpenSkirmishMenuEvent, CloseSkirmishMenuEvent};
   |                                             
^^^^^^^^^^^^^^^^^^^^^  ^^^^^^^^^^^^^^^^^^^^^^

warning: unused import: `CloseFactionMenuEvent`
  --> src\ui\menu\mod.rs:20:65
   |
20 | pub use faction_menu::{FactionMenuPlugin, 
OpenFactionMenuEvent, CloseFactionMenuEvent};
   |                                                             
    ^^^^^^^^^^^^^^^^^^^^^

warning: unused imports: `CloseProfileMenuEvent` and 
`OpenProfileMenuEvent`
  --> src\ui\menu\mod.rs:21:43
   |
21 | pub use profile_menu::{ProfileMenuPlugin, 
OpenProfileMenuEvent, CloseProfileMenuEvent};
   |                                           
^^^^^^^^^^^^^^^^^^^^  ^^^^^^^^^^^^^^^^^^^^^

warning: unused imports: `CloseExtrasMenuEvent` and 
`OpenExtrasMenuEvent`
  --> src\ui\menu\mod.rs:22:41
   |
22 | pub use extras_menu::{ExtrasMenuPlugin, 
OpenExtrasMenuEvent, CloseExtrasMenuEvent};
   |                                         ^^^^^^^^^^^^^^^^^^^ 
 ^^^^^^^^^^^^^^^^^^^^

warning: unused import: `menu::MenuPlugin`
  --> src\ui\mod.rs:10:9
   |
10 | pub use menu::MenuPlugin;
   |         ^^^^^^^^^^^^^^^^

warning: unused import: `crate::entities::MobileBasePlugin`
  --> src\main.rs:57:5
   |
57 | use crate::entities::MobileBasePlugin;
   |     ^^^^^^^^^^^^^^^^^^^^^^^^^^^^^^^^^

warning: fields `attack_power`, `attack_range`, `state`, 
`attack_cooldown`, `attack_target`, and `movement_target` are 
never read
  --> src\components\unit.rs:10:9
   |
7  | pub struct Unit {
   |            ---- fields in this struct
...
10 |     pub attack_power: f32,
   |         ^^^^^^^^^^^^
11 |     pub attack_range: f32,
   |         ^^^^^^^^^^^^
...
14 |     pub state: UnitState,
   |         ^^^^^
15 |     pub attack_cooldown: Timer,
   |         ^^^^^^^^^^^^^^^
16 |     pub attack_target: Option<Entity>,
   |         ^^^^^^^^^^^^^
17 |     pub movement_target: Option<Vec2>,
   |         ^^^^^^^^^^^^^^^
   |
   = note: `#[warn(dead_code)]` on by default

warning: struct `Selectable` is never constructed
  --> src\components\unit.rs:21:12
   |
21 | pub struct Selectable;
   |            ^^^^^^^^^^

warning: variant `Attacking` is never constructed
  --> src\components\unit.rs:30:5
   |
27 | pub enum UnitState {
   |          --------- variant in this enum
...
30 |     Attacking,
   |     ^^^^^^^^^

warning: multiple variants are never constructed
  --> src\components\unit_types\unit_type.rs:9:5
   |
6  | pub enum UnitType {
   |          -------- variants in this enum
...
9  |     Gatherer,
   |     ^^^^^^^^
...
13 |     LandToAirTank,
   |     ^^^^^^^^^^^^^
...
17 |     AirToAirFighter,
   |     ^^^^^^^^^^^^^^^
18 |     AirToLandBomber,
   |     ^^^^^^^^^^^^^^^
...
21 |     LargeTank,
   |     ^^^^^^^^^
22 |     LargeHoveringAircraft,
   |     ^^^^^^^^^^^^^^^^^^^^^
23 |     LargeBomber,
   |     ^^^^^^^^^^^
24 |     LargeArtillery,
   |     ^^^^^^^^^^^^^^
   |
   = note: `UnitType` has derived impls for the traits `Debug` 
and `Clone`, but these are intentionally ignored during dead 
code analysis

warning: fields `health`, `max_health`, and 
`construction_progress` are never read
 --> src\components\building.rs:5:9
  |
4 | pub struct Building {
  |            -------- fields in this struct
5 |     pub health: f32,
  |         ^^^^^^
6 |     pub max_health: f32,
  |         ^^^^^^^^^^
7 |     pub construction_progress: f32,
  |         ^^^^^^^^^^^^^^^^^^^^^

warning: fields `resource_type`, `generation_rate`, and 
`generation_timer` are never read
  --> src\components\building.rs:20:9
   |
19 | pub struct ResourceGenerator {
   |            ----------------- fields in this struct
20 |     pub resource_type: ResourceType,
   |         ^^^^^^^^^^^^^
21 |     pub generation_rate: f32,
   |         ^^^^^^^^^^^^^^^
22 |     pub generation_timer: Timer,
   |         ^^^^^^^^^^^^^^^^

warning: fields `construction_time` and `resource_cost` are 
never read
  --> src\components\building.rs:27:9
   |
26 | pub struct Constructable {
   |            ------------- fields in this struct
27 |     pub construction_time: f32,
   |         ^^^^^^^^^^^^^^^^^
28 |     pub resource_cost: Vec<(ResourceType, i32)>,
   |         ^^^^^^^^^^^^^

warning: fields `max_gatherers` and `current_gatherers` are 
never read
 --> src\components\resource.rs:8:9
  |
5 | pub struct ResourceNode {
  |            ------------ fields in this struct
...
8 |     pub max_gatherers: i32,
  |         ^^^^^^^^^^^^^
9 |     pub current_gatherers: i32,
  |         ^^^^^^^^^^^^^^^^^

warning: field `target_resource` is never read
  --> src\components\resource.rs:18:9
   |
13 | pub struct Gatherer {
   |            -------- field in this struct
...
18 |     pub target_resource: Option<Entity>,
   |         ^^^^^^^^^^^^^^^

warning: multiple variants are never constructed
  --> src\components\terrain.rs:5:5
   |
4  | pub enum TerrainType {
   |          ----------- variants in this enum
5  |     Plains,      // Normal movement speed
   |     ^^^^^^
6  |     Forest,      // Slows movement, provides wood resources
   |     ^^^^^^
7  |     Mountain,    // Very slow movement, provides stone 
resources
   |     ^^^^^^^^
8  |     Water,       // Impassable for land units
   |     ^^^^^
9  |     MetalDeposit, // Provides iron resources
   |     ^^^^^^^^^^^^
10 |     RoughTerrain, // Slows movement
   |     ^^^^^^^^^^^^
11 |     StrategicLocation, // Target locations to capture and 
hold
   |     ^^^^^^^^^^^^^^^^^
   |
   = note: `TerrainType` has derived impls for the traits 
`Debug` and `Clone`, but these are intentionally ignored during 
dead code analysis

warning: struct `Terrain` is never constructed
  --> src\components\terrain.rs:15:12
   |
15 | pub struct Terrain {
   |            ^^^^^^^

warning: struct `MapTile` is never constructed
  --> src\components\terrain.rs:23:12
   |
23 | pub struct MapTile {
   |            ^^^^^^^

warning: struct `StrategicPoint` is never constructed
  --> src\components\terrain.rs:31:12
   |
31 | pub struct StrategicPoint {
   |            ^^^^^^^^^^^^^^

warning: associated function `new` is never used
  --> src\components\terrain.rs:39:12
   |
38 | impl Terrain {
   | ------------ associated function in this implementation
39 |     pub fn new(terrain_type: TerrainType) -> Self {
   |            ^^^

warning: methods `power_balance`, `can_activate_module`, and 
`add_module` are never used
  --> src\components\player.rs:47:12
   |
45 | impl MechanicalBase {
   | ------------------- methods in this implementation
46 |     /// Calculate total power balance (positive = surplus, 
negative = deficit)
47 |     pub fn power_balance(&self) -> f32 {
   |            ^^^^^^^^^^^^^
...
52 |     pub fn can_activate_module(&self, power_required: f32) 
-> bool {
   |            ^^^^^^^^^^^^^^^^^^^
...
62 |     pub fn add_module(&mut self, module_entity: Entity) {
   |            ^^^^^^^^^^

warning: fields `score` and `strategic_points_controlled` are 
never read
  --> src\components\player.rs:71:9
   |
69 | pub struct PlayerResources {
   |            --------------- fields in this struct
70 |     pub resources: Vec<(ResourceType, i32)>,
71 |     pub score: i32,
   |         ^^^^^
72 |     pub strategic_points_controlled: i32,
   |         ^^^^^^^^^^^^^^^^^^^^^^^^^^^

warning: struct `PlayerControlled` is never constructed
  --> src\components\player.rs:91:12
   |
91 | pub struct PlayerControlled;
   |            ^^^^^^^^^^^^^^^^

warning: struct `StrategicTarget` is never constructed
  --> src\components\player.rs:95:12
   |
95 | pub struct StrategicTarget {
   |            ^^^^^^^^^^^^^^^

warning: field `difficulty` is never read
 --> src\components\ai.rs:6:9
  |
5 | pub struct AIControlled {
  |            ------------ field in this struct
6 |     pub difficulty: AIDifficulty,
  |         ^^^^^^^^^^
  |
  = note: `AIControlled` has a derived impl for the trait 
`Debug`, but this is intentionally ignored during dead code 
analysis

warning: variants `Easy` and `Hard` are never constructed
  --> src\components\ai.rs:12:5
   |
11 | pub enum AIDifficulty {
   |          ------------ variants in this enum
12 |     Easy,
   |     ^^^^
13 |     Medium,
14 |     Hard,
   |     ^^^^
   |
   = note: `AIDifficulty` has derived impls for the traits 
`Clone` and `Debug`, but these are intentionally ignored during 
dead code analysis

warning: fields `position`, `rotation`, `size`, `module_type`, 
`occupied`, and `attached_module` are never read
  --> src\components\base_modules.rs:89:9
   |
88 | pub struct AttachmentPoint {
   |            --------------- fields in this struct
89 |     pub position: Vec2,          // Relative to base center
   |         ^^^^^^^^
90 |     pub rotation: f32,           // Rotation in radians
   |         ^^^^^^^^
91 |     pub size: Vec2,              // Size of the attachment 
area
   |         ^^^^
92 |     pub module_type: ModuleType,  // Type of module that 
can attach here
   |         ^^^^^^^^^^^
93 |     pub occupied: bool,          // Whether this point is 
occupied
   |         ^^^^^^^^
94 |     pub attached_module: Option<Entity>, // Reference to 
attached module
   |         ^^^^^^^^^^^^^^^
   |
   = note: `AttachmentPoint` has a derived impl for the trait 
`Debug`, but this is intentionally ignored during dead code 
analysis

warning: fields `module_type`, `size`, `build_time`, and 
`build_progress` are never read
   --> src\components\base_modules.rs:100:9
    |
99  | pub struct AttachableModule {
    |            ---------------- fields in this struct
100 |     pub module_type: ModuleType,
    |         ^^^^^^^^^^^
101 |     pub size: Vec2,             // Size of the module
    |         ^^^^
102 |     pub build_time: f32,         // Time to build/attach
    |         ^^^^^^^^^^
103 |     pub build_progress: f32,     // Current build progress 
(0.0-1.0)
    |         ^^^^^^^^^^^^^^
    |
    = note: `AttachableModule` has a derived impl for the trait 
`Debug`, but this is intentionally ignored during dead code 
analysis

warning: associated functions `new_storage_module`, 
`new_defense_module`, `new_sensor_module`, `new_weapon_module`, 
and `new_utility_module` are never used
   --> src\components\base_modules.rs:175:12
    |
157 | impl BaseModule {
    | --------------- associated functions in this implementation
...
175 |     pub fn new_storage_module(capacity: i32, 
resource_type: ResourceType, passive_gen: f32) -> Self {
    |            ^^^^^^^^^^^^^^^^^^
...
191 |     pub fn new_defense_module(armor: f32, shield: f32, 
recharge: f32, resistance: f32) -> Self {
    |            ^^^^^^^^^^^^^^^^^^
...
208 |     pub fn new_sensor_module(detection: f32, stealth: f32, 
vision: f32, cooldown: f32) -> Self {
    |            ^^^^^^^^^^^^^^^^^
...
225 |     pub fn new_weapon_module(
    |            ^^^^^^^^^^^^^^^^^
...
251 |     pub fn new_utility_module(
    |            ^^^^^^^^^^^^^^^^^^

warning: methods `can_attach` and `matches_module_type` are 
never used
   --> src\components\base_modules.rs:292:12
    |
278 | impl AttachmentPoint {
    | -------------------- methods in this implementation
...
292 |     pub fn can_attach(&self, module: &AttachableModule) -> 
bool {
    |            ^^^^^^^^^^
...
297 |     pub fn matches_module_type(&self, module_type: 
&ModuleType) -> bool {
    |            ^^^^^^^^^^^^^^^^^^^

warning: field `angle` is never read
  --> src\components\unit_sprite.rs:10:9
   |
6  | pub struct IsometricSprite {
   |            --------------- field in this struct
...
10 |     pub angle: u16,
   |         ^^^^^

warning: variant `Resource` is never constructed
  --> src\components\unit_sprite.rs:19:5
   |
17 | pub enum SpriteCategory {
   |          -------------- variant in this enum
18 |     Unit,
19 |     Resource,
   |     ^^^^^^^^
   |
   = note: `SpriteCategory` has a derived impl for the trait 
`Clone`, but this is intentionally ignored during dead code 
analysis

warning: function `enemy_unit_ai` is never used
  --> src\systems\ai.rs:16:8
   |
16 | pub fn enemy_unit_ai(
   |        ^^^^^^^^^^^^^

warning: function `enemy_resource_gathering` is never used
  --> src\systems\ai.rs:23:8
   |
23 | pub fn enemy_resource_gathering(
   |        ^^^^^^^^^^^^^^^^^^^^^^^^

warning: function `enemy_base_movement` is never used
  --> src\systems\ai.rs:30:8
   |
30 | pub fn enemy_base_movement(
   |        ^^^^^^^^^^^^^^^^^^^

warning: field `0` is never read
  --> src\systems\camera_manager.rs:19:24
   |
19 | pub struct StateCamera(pub GameState);
   |            ----------- ^^^^^^^^^^^^^
   |            |
   |            field in this struct
   |
   = help: consider removing this field

warning: function `handle_combat` is never used
  --> src\systems\combat.rs:16:8
   |
16 | pub fn handle_combat(
   |        ^^^^^^^^^^^^^

warning: function `check_attack_range` is never used
  --> src\systems\combat.rs:23:8
   |
23 | pub fn check_attack_range(
   |        ^^^^^^^^^^^^^^^^^^

warning: function `gather_resources` is never used
  --> src\systems\economy.rs:18:8
   |
18 | pub fn gather_resources(
   |        ^^^^^^^^^^^^^^^^

warning: function `deliver_resources` is never used
  --> src\systems\economy.rs:25:8
   |
25 | pub fn deliver_resources(
   |        ^^^^^^^^^^^^^^^^^

warning: function `update_player_resources` is never used
  --> src\systems\economy.rs:32:8
   |
32 | pub fn update_player_resources(
   |        ^^^^^^^^^^^^^^^^^^^^^^^

warning: function `handle_selection` is never used
  --> src\systems\input.rs:14:8
   |
14 | pub fn handle_selection(
   |        ^^^^^^^^^^^^^^^^

warning: function `handle_movement_commands` is never used
  --> src\systems\input.rs:21:8
   |
21 | pub fn handle_movement_commands(
   |        ^^^^^^^^^^^^^^^^^^^^^^^^

warning: function `handle_action_commands` is never used
  --> src\systems\input.rs:28:8
   |
28 | pub fn handle_action_commands(
   |        ^^^^^^^^^^^^^^^^^^^^^^

warning: fields `terrain` and `tile_entities` are never read
  --> src\resources\map_data.rs:8:9
   |
5  | pub struct GameMap {
   |            ------- fields in this struct
...
8  |     pub terrain: Vec<Vec<TerrainType>>,
   |         ^^^^^^^
...
12 |     pub tile_entities: Vec<Vec<Option<Entity>>>,
   |         ^^^^^^^^^^^^^

warning: variants `Forest`, `Hills`, `Mountains`, and `Water` 
are never constructed
  --> src\resources\map_data.rs:18:5
   |
16 | pub enum TerrainType {
   |          ----------- variants in this enum
17 |     Plains,
18 |     Forest,
   |     ^^^^^^
19 |     Hills,
   |     ^^^^^
20 |     Mountains,
   |     ^^^^^^^^^
21 |     Water,
   |     ^^^^^
   |
   = note: `TerrainType` has derived impls for the traits 
`Debug` and `Clone`, but these are intentionally ignored during 
dead code analysis

warning: methods `is_in_bounds`, `world_to_grid`, 
`get_tile_entity`, and `set_tile_entity` are never used
  --> src\resources\map_data.rs:39:12
   |
37 | impl GameMap {
   | ------------ methods in this implementation
38 |     // Check if a grid position is within the map bounds
39 |     pub fn is_in_bounds(&self, x: i32, y: i32) -> bool {
   |            ^^^^^^^^^^^^
...
52 |     pub fn world_to_grid(&self, world_pos: Vec2) -> (i32, 
i32) {
   |            ^^^^^^^^^^^^^
...
60 |     pub fn get_tile_entity(&self, x: i32, y: i32) -> 
Option<Entity> {
   |            ^^^^^^^^^^^^^^^
...
69 |     pub fn set_tile_entity(&mut self, x: i32, y: i32, 
entity: Entity) {
   |            ^^^^^^^^^^^^^^^

warning: function `update_map_visibility` is never used
  --> src\resources\map_data.rs:84:8
   |
84 | pub fn update_map_visibility(_map: &mut GameMap) {
   |        ^^^^^^^^^^^^^^^^^^^^^

warning: fields `resource_type`, `amount_remaining`, and 
`max_amount` are never read
  --> src\resources\resource_nodes.rs:14:9
   |
13 | pub struct ResourceNode {
   |            ------------ fields in this struct
14 |     pub resource_type: ResourceType,
   |         ^^^^^^^^^^^^^
15 |     pub amount_remaining: i32,
   |         ^^^^^^^^^^^^^^^^
16 |     pub max_amount: i32,
   |         ^^^^^^^^^^

warning: associated function `new` is never used
  --> src\resources\sprite_loader.rs:18:12
   |
17 | impl SpriteAssets {
   | ----------------- associated function in this implementation
18 |     pub fn new() -> Self {
   |            ^^^

warning: multiple variants are never constructed
  --> src\entities\unit_types.rs:9:5
   |
7  | pub enum UnitType {
   |          -------- variants in this enum
8  |     // Gatherer units
9  |     Engineer,
   |     ^^^^^^^^
10 |     Gatherer,
   |     ^^^^^^^^
...
13 |     LandToLandTank,
   |     ^^^^^^^^^^^^^^
14 |     LandToAirTank,
   |     ^^^^^^^^^^^^^
15 |     Artillery,
   |     ^^^^^^^^^
...
18 |     AirToAirFighter,
   |     ^^^^^^^^^^^^^^^
19 |     AirToLandBomber,
   |     ^^^^^^^^^^^^^^^
...
22 |     LargeTank,
   |     ^^^^^^^^^
23 |     LargeHoveringAircraft,
   |     ^^^^^^^^^^^^^^^^^^^^^
24 |     LargeBomber,
   |     ^^^^^^^^^^^
25 |     LargeArtillery,
   |     ^^^^^^^^^^^^^^
   |
   = note: `UnitType` has derived impls for the traits `Debug` 
and `Clone`, but these are intentionally ignored during dead 
code analysis

warning: method `spawn_unit` is never used
  --> src\entities\unit_types.rs:29:12
   |
28 | impl UnitType {
   | ------------- method in this implementation
29 |     pub fn spawn_unit(&self, commands: &mut Commands, 
position: Vec2, team: Team) -> Entity {
   |            ^^^^^^^^^^

warning: variants `WoodSource`, `StoneDeposit`, and 
`IronDeposit` are never constructed
  --> src\entities\resource_types.rs:8:5
   |
7  | pub enum ResourceNodeType {
   |          ---------------- variants in this enum
8  |     WoodSource,    // Forest
   |     ^^^^^^^^^^
9  |     StoneDeposit,  // Mountain
   |     ^^^^^^^^^^^^
10 |     IronDeposit,   // Metal deposit
   |     ^^^^^^^^^^^
   |
   = note: `ResourceNodeType` has derived impls for the traits 
`Debug` and `Clone`, but these are intentionally ignored during 
dead code analysis

warning: associated items `spawn_resource_node` and 
`from_terrain` are never used
  --> src\entities\resource_types.rs:14:12
   |
13 | impl ResourceNodeType {
   | --------------------- associated items in this 
implementation
14 |     pub fn spawn_resource_node(&self, commands: &mut 
Commands, position: Vec2) -> Entity {
   |            ^^^^^^^^^^^^^^^^^^^
...
65 |     pub fn from_terrain(terrain_type: 
&crate::components::terrain::TerrainType) -> Option<Self> {
   |            ^^^^^^^^^^^^

warning: fields `health`, `max_health`, `movement_speed`, 
`team`, and `resources` are never read
  --> src\entities\mobile_base.rs:10:9
   |
9  | pub struct MobileBase {
   |            ---------- fields in this struct
10 |     pub health: f32,
   |         ^^^^^^
11 |     pub max_health: f32,
   |         ^^^^^^^^^^
12 |     pub movement_speed: f32,
   |         ^^^^^^^^^^^^^^
13 |     pub team: Team,
   |         ^^^^
14 |     pub resources: BaseResources,
   |         ^^^^^^^^^

warning: fields `wood`, `stone`, and `iron` are never read
  --> src\entities\mobile_base.rs:20:9
   |
19 | pub struct BaseResources {
   |            ------------- fields in this struct
20 |     pub wood: f32,
   |         ^^^^
21 |     pub stone: f32,
   |         ^^^^^
22 |     pub iron: f32,
   |         ^^^^

warning: variants `Title`, `Button`, `Body`, `Small`, and 
`Status` are never constructed
  --> src\utils\font_loader.rs:6:5
   |
5  | pub enum FontStyle {
   |          --------- variants in this enum
6  |     Title,      // Large, bold font for titles
   |     ^^^^^
7  |     Button,     // Medium font for buttons
   |     ^^^^^^
8  |     Body,       // Regular text font
   |     ^^^^
9  |     Small,      // Small text for detailed info
   |     ^^^^^
10 |     UnitLabel,  // Font used for unit labels in-game
11 |     Status,     // Font used for status messages
   |     ^^^^^^
   |
   = note: `FontStyle` has derived impls for the traits `Clone` 
and `Debug`, but these are intentionally ignored during dead 
code analysis

warning: function `distance` is never used
 --> src\utils\math.rs:6:8
  |
6 | pub fn distance(p1: Vec2, p2: Vec2) -> f32 {
  |        ^^^^^^^^

warning: function `direction` is never used
  --> src\utils\math.rs:11:8
   |
11 | pub fn direction(from: Vec2, to: Vec2) -> Vec2 {
   |        ^^^^^^^^^

warning: function `vector_to_angle` is never used
  --> src\utils\math.rs:21:8
   |
21 | pub fn vector_to_angle(direction: Vec2) -> f32 {
   |        ^^^^^^^^^^^^^^^

warning: function `angle_to_vector` is never used
  --> src\utils\math.rs:26:8
   |
26 | pub fn angle_to_vector(angle: f32) -> Vec2 {
   |        ^^^^^^^^^^^^^^^

warning: function `clamp` is never used
  --> src\utils\math.rs:31:8
   |
31 | pub fn clamp(value: f32, min: f32, max: f32) -> f32 {
   |        ^^^^^

warning: function `lerp` is never used
  --> src\utils\math.rs:42:8
   |
42 | pub fn lerp(a: f32, b: f32, t: f32) -> f32 {
   |        ^^^^

warning: function `point_in_rect` is never used
  --> src\utils\math.rs:47:8
   |
47 | pub fn point_in_rect(point: Vec2, rect_pos: Vec2, 
rect_size: Vec2) -> bool {
   |        ^^^^^^^^^^^^^

warning: function `perlin_noise_2d` is never used
  --> src\utils\math.rs:58:8
   |
58 | pub fn perlin_noise_2d(x: f32, y: f32, seed: u32) -> f32 {
   |        ^^^^^^^^^^^^^^^

warning: associated items `new`, `distance`, `neighbors`, and 
`to_world` are never used
  --> src\utils\pathfinding.rs:14:12
   |
13 | impl GridPosition {
   | ----------------- associated items in this implementation
14 |     pub fn new(x: i32, y: i32) -> Self {
   |            ^^^
...
19 |     pub fn distance(&self, other: &GridPosition) -> u32 {
   |            ^^^^^^^^
...
24 |     pub fn neighbors(&self, game_map: &GameMap) -> 
Vec<(GridPosition, u32)> {
   |            ^^^^^^^^^
...
41 |     pub fn to_world(&self, game_map: &GameMap) -> Vec2 {
   |            ^^^^^^^^

warning: function `find_path` is never used
  --> src\utils\pathfinding.rs:47:8
   |
47 | pub fn find_path(
   |        ^^^^^^^^^

warning: function `get_terrain_movement_cost` is never used
  --> src\utils\pathfinding.rs:85:4
   |
85 | fn get_terrain_movement_cost(
   |    ^^^^^^^^^^^^^^^^^^^^^^^^^

warning: function `load_config` is never used
  --> src\utils\config.rs:47:8
   |
47 | pub fn load_config() -> GameConfig {
   |        ^^^^^^^^^^^

warning: function `save_config` is never used
  --> src\utils\config.rs:54:8
   |
54 | pub fn save_config(_config: &GameConfig) -> Result<(), 
String> {
   |        ^^^^^^^^^^^

warning: fields `resolution`, `graphics_quality`, `difficulty`, 
and `auto_save_interval` are never read
  --> src\ui\menu\settings_menu.rs:48:9
   |
46 | pub struct GameSettings {
   |            ------------ fields in this struct
47 |     // Video settings
48 |     pub resolution: (u32, u32),
   |         ^^^^^^^^^^
49 |     pub graphics_quality: GraphicsQuality,
   |         ^^^^^^^^^^^^^^^^
...
69 |     pub difficulty: Difficulty,
   |         ^^^^^^^^^^
...
72 |     pub auto_save_interval: u32,
   |         ^^^^^^^^^^^^^^^^^^
   |
   = note: `GameSettings` has derived impls for the traits 
`Debug` and `Clone`, but these are intentionally ignored during 
dead code analysis

warning: fields `width`, `height`, `padding`, and `spacing` are 
never read
  --> src\ui\menu\mod.rs:56:13
   |
55 |     pub struct MenuPanelDimensions {
   |                ------------------- fields in this struct
56 |         pub width: f32,
   |             ^^^^^
57 |         pub height: f32,
   |             ^^^^^^
58 |         pub padding: f32,
   |             ^^^^^^^
59 |         pub spacing: f32,
   |             ^^^^^^^

warning: fields `title_size`, `subtitle_size`, 
`button_text_size`, and `label_size` are never read
  --> src\ui\menu\mod.rs:75:13
   |
74 |     pub struct MenuTextStyles {
   |                -------------- fields in this struct
75 |         pub title_size: f32,
   |             ^^^^^^^^^^
76 |         pub subtitle_size: f32,
   |             ^^^^^^^^^^^^^
77 |         pub button_text_size: f32,
   |             ^^^^^^^^^^^^^^^^
78 |         pub label_size: f32,
   |             ^^^^^^^^^^

warning: fields `hovered`, `pressed`, and `disabled` are never 
read
  --> src\ui\menu\mod.rs:95:13
   |
93 |     pub struct ButtonColors {
   |                ------------ fields in this struct
94 |         pub normal: Color,
95 |         pub hovered: Color,
   |             ^^^^^^^
96 |         pub pressed: Color,
   |             ^^^^^^^
97 |         pub disabled: Color,
   |             ^^^^^^^^

warning: function `create_panel` is never used
   --> src\ui\menu\mod.rs:148:12
    |
148 |     pub fn create_panel(
    |            ^^^^^^^^^^^^

warning: function `create_slider` is never used
   --> src\ui\menu\mod.rs:192:12
    |
192 |     pub fn create_slider(
    |            ^^^^^^^^^^^^^

warning: function `create_dropdown` is never used
   --> src\ui\menu\mod.rs:285:12
    |
285 |     pub fn create_dropdown<T: Component + Clone>(
    |            ^^^^^^^^^^^^^^^

warning: fields `build_speed`, `build_timer`, and 
`target_building` are never read
  --> src\units\engineer.rs:34:9
   |
33 | pub struct Engineer {
   |            -------- fields in this struct
34 |     pub build_speed: f32,
   |         ^^^^^^^^^^^
35 |     pub build_timer: Timer,
   |         ^^^^^^^^^^^
36 |     pub target_building: Option<Entity>,
   |         ^^^^^^^^^^^^^^^

warning: fields `position` and `building_type` are never read
  --> src\units\engineer.rs:48:9
   |
47 | pub struct BuildLocation {
   |            ------------- fields in this struct
48 |     pub position: Vec2,
   |         ^^^^^^^^
49 |     pub building_type: String,
   |         ^^^^^^^^^^^^^

warning: function `spawn_engineer` is never used
   --> src\units\engineer.rs:298:8
    |
298 | pub fn spawn_engineer(commands: &mut Commands, position: 
Vec2, team: Team) -> Entity {
    |        ^^^^^^^^^^^^^^

warning: `strategy_forge` (bin "strategy_forge") generated 97 
warnings (7 duplicates) (run `cargo fix --bin "strategy_forge"` 
to apply 16 suggestions)
    Finished `dev` profile [optimized + debuginfo] target(s) in 
6.43s
     Running `target\debug\strategy_forge.exe`
[2m2025-05-25T18:30:04.863365Z[0m [32m INFO[0m [2mbevy_diagn
ostic::system_information_diagnostics_plugin::internal[0m[2m:[
0m SystemInfo { os: "Windows 11 Home", kernel: "26100", cpu: 
"11th Gen Intel(R) Core(TM) i7-11700K @ 3.60GHz", core_count: 
"8", memory: "63.9 GiB" }
[2m2025-05-25T18:30:05.220266Z[0m [32m INFO[0m 
[2mbevy_render::renderer[0m[2m:[0m AdapterInfo { name: 
"NVIDIA GeForce RTX 3070", vendor: 4318, device: 9348, 
device_type: DiscreteGpu, driver: "NVIDIA", driver_info: 
"576.52", backend: Vulkan }
[2m2025-05-25T18:30:05.339875Z[0m [32m INFO[0m 
[2mstrategy_forge::systems::movement[0m[2m:[0m Movement 
plugin initialized
[2m2025-05-25T18:30:05.339949Z[0m [32m INFO[0m 
[2mstrategy_forge::components::ai[0m[2m:[0m AI Plugin 
initialized
[2m2025-05-25T18:30:05.340022Z[0m [32m INFO[0m 
[2mstrategy_forge::systems::production[0m[2m:[0m Production 
Plugin initialized
[2m2025-05-25T18:30:05.340141Z[0m [32m INFO[0m 
[2mstrategy_forge::components::strategic[0m[2m:[0m Strategic 
Location Plugin initialized
[2m2025-05-25T18:30:05.340640Z[0m [32m INFO[0m 
[2mstrategy_forge::systems::base_movement[0m[2m:[0m Base 
Movement Plugin initialized
[2m2025-05-25T18:30:05.340835Z[0m [32m INFO[0m 
[2mstrategy_forge::units::engineer[0m[2m:[0m Engineer Plugin 
initialized
[2m2025-05-25T18:30:05.340921Z[0m [32m INFO[0m 
[2mstrategy_forge::ui::base_action_ui[0m[2m:[0m Base Action 
UI Plugin initialized
[2m2025-05-25T18:30:05.340977Z[0m [32m INFO[0m 
[2mstrategy_forge::ui::building_production_ui[0m[2m:[0m 
Building Production UI Plugin initialized
[2m2025-05-25T18:30:05.341146Z[0m [32m INFO[0m 
[2mstrategy_forge::ui::building_selection_ui[0m[2m:[0m 
Building Selection UI Plugin initialized
[2m2025-05-25T18:30:05.341597Z[0m [32m INFO[0m 
[2mstrategy_forge::debug[0m[2m:[0m Debug plugin initialized
[2m2025-05-25T18:30:05.365065Z[0m [32m INFO[0m 
[2mbevy_winit::system[0m[2m:[0m Creating new window 
"Strategy Forge" (Entity { index: 0, generation: 1 })
[2m2025-05-25T18:30:05.445923Z[0m [32m INFO[0m 
[2mstrategy_forge::resources::resource_nodes[0m[2m:[0m 
Setting up resource nodes...
[2m2025-05-25T18:30:05.445923Z[0m [32m INFO[0m 
[2mstrategy_forge::resources::map::plugin[0m[2m:[0m Setting 
up game map...
[2m2025-05-25T18:30:05.445940Z[0m [32m INFO[0m 
[2mstrategy_forge::sprites[0m[2m:[0m Loading unit and base 
sprites...
[2m2025-05-25T18:30:05.446014Z[0m [32m INFO[0m 
[2mstrategy_forge::resources::map::plugin[0m[2m:[0m Map 
setup complete
[2m2025-05-25T18:30:05.446119Z[0m [32m INFO[0m 
[2mstrategy_forge::sprites[0m[2m:[0m Sprite loading complete!
[2m2025-05-25T18:30:05.446125Z[0m [32m INFO[0m 
[2mstrategy_forge::resources::resource_nodes[0m[2m:[0m 
Resource nodes setup complete

thread 'main' panicked at C:\Users\Juston\.cargo\registry\src\ind
ex.crates.io-1949cf8c6b5b557f\bevy_ecs-0.14.2\src\system\system_p
aram.rs:302:5:
error[B0001]: Query<&mut bevy_ui::ui_node::Style, ()> in system s
trategy_forge::ui::menu::settings_menu::handle_slider_interaction
 accesses component(s) bevy_ui::ui_node::Style in a way that 
conflicts with a previous system parameter. Consider using 
`Without<T>` to create disjoint Queries or merging conflicting 
Queries into a `ParamSet`. See: 
https://bevyengine.org/learn/errors/#b0001
stack backtrace:
   0: std::panicking::begin_panic_handler
             at /rustc/bc821528634632b4ff8dee5ac1ea4ad90d1b3eb5/l
ibrary\std\src\panicking.rs:697
   1: core::panicking::panic_fmt
             at /rustc/bc821528634632b4ff8dee5ac1ea4ad90d1b3eb5/l
ibrary\core\src\panicking.rs:75
   2: bevy_ecs::system::system_param::assert_component_access_com
patibility
             at C:\Users\Juston\.cargo\registry\src\index.crates.
io-1949cf8c6b5b557f\bevy_ecs-0.14.2\src\system\system_param.rs:30
2
   3: bevy_ecs::system::system_param::impl$1::init_state<ref_mut$
<bevy_ui::ui_node::Style>,tuple$<> >
             at C:\Users\Juston\.cargo\registry\src\index.crates.
io-1949cf8c6b5b557f\bevy_ecs-0.14.2\src\system\system_param.rs:22
0
   4: bevy_ecs::system::system_param::impl$91::init_state
             at C:\Users\Juston\.cargo\registry\src\index.crates.
io-1949cf8c6b5b557f\bevy_ecs-0.14.2\src\system\system_param.rs:14
44
   5: bevy_ecs::system::function_system::impl$7::initialize<void 
(*)(bevy_ecs::system::query::Query<tuple$<ref$<bevy_ui::focus::In
teraction>,ref_mut$<strategy_forge::ui::menu::settings_menu::Sett
ingsSlider>,ref$<bevy_ui::ui_node::Node>,ref$<bevy_transform::com
po
             at C:\Users\Juston\.cargo\registry\src\index.crates.
io-1949cf8c6b5b557f\bevy_ecs-0.14.2\src\system\function_system.rs
:561
   6: bevy_ecs::schedule::schedule::ScheduleGraph::initialize
             at C:\Users\Juston\.cargo\registry\src\index.crates.
io-1949cf8c6b5b557f\bevy_ecs-0.14.2\src\schedule\schedule.rs:1052
   7: bevy_ecs::schedule::schedule::Schedule::initialize
             at C:\Users\Juston\.cargo\registry\src\index.crates.
io-1949cf8c6b5b557f\bevy_ecs-0.14.2\src\schedule\schedule.rs:406
   8: bevy_ecs::schedule::schedule::Schedule::run
             at C:\Users\Juston\.cargo\registry\src\index.crates.
io-1949cf8c6b5b557f\bevy_ecs-0.14.2\src\schedule\schedule.rs:382
   9: bevy_ecs::world::impl$4::try_run_schedule::closure$0
             at C:\Users\Juston\.cargo\registry\src\index.crates.
io-1949cf8c6b5b557f\bevy_ecs-0.14.2\src\world\mod.rs:2743
  10: bevy_ecs::world::World::try_schedule_scope<tuple$<>,bevy_ec
s::intern::Interned<dyn$<bevy_ecs::schedule::set::ScheduleLabel> 
>,bevy_ecs::world::impl$4::try_run_schedule::closure_env$0<bevy_e
cs::intern::Interned<dyn$<bevy_ecs::schedule::set::ScheduleLabel>
 >
             at C:\Users\Juston\.cargo\registry\src\index.crates.
io-1949cf8c6b5b557f\bevy_ecs-0.14.2\src\world\mod.rs:2676
  11: bevy_ecs::world::World::try_run_schedule
             at C:\Users\Juston\.cargo\registry\src\index.crates.
io-1949cf8c6b5b557f\bevy_ecs-0.14.2\src\world\mod.rs:2743
  12: bevy_app::main_schedule::impl$2::run_main::closure$1
             at C:\Users\Juston\.cargo\registry\src\index.crates.
io-1949cf8c6b5b557f\bevy_app-0.14.2\src\main_schedule.rs:251
  13: bevy_ecs::world::World::resource_scope<bevy_app::main_sched
ule::MainScheduleOrder,tuple$<>,bevy_app::main_schedule::impl$2::
run_main::closure_env$1>
             at C:\Users\Juston\.cargo\registry\src\index.crates.
io-1949cf8c6b5b557f\bevy_ecs-0.14.2\src\world\mod.rs:1886
  14: bevy_app::main_schedule::Main::run_main
             at C:\Users\Juston\.cargo\registry\src\index.crates.
io-1949cf8c6b5b557f\bevy_app-0.14.2\src\main_schedule.rs:249
  15: core::ops::function::FnMut::call_mut
             at /rustc/bc821528634632b4ff8dee5ac1ea4ad90d1b3eb5\l
ibrary\core\src\ops\function.rs:166
  16: core::ops::function::impls::impl$3::call_mut
             at /rustc/bc821528634632b4ff8dee5ac1ea4ad90d1b3eb5\l
ibrary\core\src\ops\function.rs:294
  17: bevy_ecs::system::exclusive_function_system::impl$4::run::c
all_inner
             at C:\Users\Juston\.cargo\registry\src\index.crates.
io-1949cf8c6b5b557f\bevy_ecs-0.14.2\src\system\exclusive_function
_system.rs:218
  18: bevy_ecs::system::exclusive_function_system::impl$4::run
             at C:\Users\Juston\.cargo\registry\src\index.crates.
io-1949cf8c6b5b557f\bevy_ecs-0.14.2\src\system\exclusive_function
_system.rs:221
  19: bevy_ecs::system::exclusive_function_system::impl$1::run::c
losure$0
             at C:\Users\Juston\.cargo\registry\src\index.crates.
io-1949cf8c6b5b557f\bevy_ecs-0.14.2\src\system\exclusive_function
_system.rs:111
  20: bevy_ecs::world::World::last_change_tick_scope
             at C:\Users\Juston\.cargo\registry\src\index.crates.
io-1949cf8c6b5b557f\bevy_ecs-0.14.2\src\world\mod.rs:2215
  21: 
bevy_ecs::system::exclusive_function_system::impl$1::run<void 
(*)(bevy_ecs::system::system_param::Local<bool>),void (*)(ref_mut
$<bevy_ecs::world::World>,bevy_ecs::system::system_param::Local<b
ool>)>
             at C:\Users\Juston\.cargo\registry\src\index.crates.
io-1949cf8c6b5b557f\bevy_ecs-0.14.2\src\system\exclusive_function
_system.rs:103
  22: core::hint::black_box
             at /rustc/bc821528634632b4ff8dee5ac1ea4ad90d1b3eb5\l
ibrary\core\src\hint.rs:482
note: Some details are omitted, run with `RUST_BACKTRACE=full` 
for a verbose backtrace.
Encountered a panic in system 
`bevy_app::main_schedule::Main::run_main`!
error: process didn't exit successfully: 
`target\debug\strategy_forge.exe` (exit code: 101)
